\centerline{\includegraphics{tux.svg}}~

\includegraphics{tux.svg}~
