\hypertarget{section-1}{%
\section{Section 1}\label{section-1}}

Thanks everyone!

\hypertarget{title-of-file-a}{%
\section{Title of file-a}\label{title-of-file-a}}

This is \texttt{file-a.md}.

\hypertarget{file-b}{%
\section{File b}\label{file-b}}

This is \texttt{file-b.md}.

It has two paragraphs and a header.

\hypertarget{different-format}{%
\section{Different format}\label{different-format}}

\hypertarget{org-header}{%
\subsection{Org header}\label{org-header}}

This is \emph{emphasized}.

\hypertarget{recursive-transclusion}{%
\section{Recursive transclusion}\label{recursive-transclusion}}

\hypertarget{title-f}{%
\section{Title f}\label{title-f}}

This is \texttt{file-f.md}.

\hypertarget{subtitle-f}{%
\subsection{Subtitle f}\label{subtitle-f}}

\hypertarget{title-of-file-a}{%
\section{Title of file-a}\label{title-of-file-a}}

This is \texttt{file-a.md}.

\hypertarget{title-of-file-a}{%
\subsection{Title of file-a}\label{title-of-file-a}}

This is \texttt{file-a.md}.

\hypertarget{appendix}{%
\section{Appendix}\label{appendix}}

More info goes here.

\hypertarget{questionaire}{%
\subsection{Questionaire}\label{questionaire}}

\begin{itemize}
\tightlist
\item
  Is this good?
\end{itemize}
