\includegraphics{tux.pdf}~

\includegraphics{tux.pdf}~

\includegraphics{tux.png}~

\includegraphics{tux.jpg}~
